# iOS simulator (iPhone 17 Pro, iOS 26.5), FIXED (measureInteriorSpacers), current App.tsx.
# Same steps as ios-stock.log. This is the complete log: Run nudged up all 12 times without the
# list moving by itself, and nothing is logged after +9383ms because nothing moves.

[ring] reset, FIXED
[ring] +1018ms y=3000.0 (dy=+3000.0) h=7245.0 (dh=+0.0)
[ring] +2016ms prepending 50 rows (-50..-1) at y=3000.0 h=7245.0
[ring] +2078ms y=20041.7 (dy=+17041.7) h=27082.7 (dh=+19837.7)
[ring] +2152ms y=20176.7 (dy=+135.0) h=27217.7 (dh=+135.0) correction #1
[ring] +3585ms y=20126.7 (dy=-50.0) h=27217.7 (dh=+0.0)
[ring] +4102ms y=20076.7 (dy=-50.0) h=27217.7 (dh=+0.0)
[ring] +4616ms y=20026.7 (dy=-50.0) h=27217.7 (dh=+0.0)
[ring] +5117ms y=19976.7 (dy=-50.0) h=27217.7 (dh=+0.0)
[ring] +5636ms y=19926.7 (dy=-50.0) h=27217.7 (dh=+0.0)
[ring] +6150ms y=19876.7 (dy=-50.0) h=27217.7 (dh=+0.0)
[ring] +6652ms y=19826.7 (dy=-50.0) h=27217.7 (dh=+0.0)
[ring] +7168ms y=19776.7 (dy=-50.0) h=27217.7 (dh=+0.0)
[ring] +7686ms y=19726.7 (dy=-50.0) h=27217.7 (dh=+0.0)
[ring] +8202ms y=19676.7 (dy=-50.0) h=27217.7 (dh=+0.0)
[ring] +8296ms y=20088.0 (dy=+411.3) h=27629.0 (dh=+411.3) correction #2
[ring] +8721ms y=20038.0 (dy=-50.0) h=27629.0 (dh=+0.0)
[ring] +9236ms y=19988.0 (dy=-50.0) h=27629.0 (dh=+0.0)
[ring] +9317ms y=19581.3 (dy=-406.7) h=27222.3 (dh=-406.7) correction #3
[ring] +9383ms y=19987.3 (dy=+406.0) h=27628.3 (dh=+406.0) correction #4 RING #1 (66ms after -406.7)
[ring] +9749ms still after 12 nudges, stopped scrolling
