# iOS simulator (iPhone 17 Pro, iOS 26.5), STOCK. Same run as ios-stock.mp4: one tap on "Run"
# (scroll to y=3000, prepend 50 rows, then scrollToOffset 450 pt up once the prepend lands),
# hands off afterwards. It rang at rest until the list was reset 40 s later.
# correction = scroll event whose offset moved by the same amount as contentSize (mVCP).
# RING = a correction that undid the previous one within 300 ms.

[ring] reset, STOCK
[ring] +1007ms y=3000.0 (dy=+3000.0) h=8330.0 (dh=+0.0)
[ring] +2005ms prepending 50 rows (-50..-1) at y=3000.0 h=8330.0
[ring] +2053ms y=20252.0 (dy=+17252.0) h=28216.0 (dh=+19886.0)
[ring] +2060ms y=19831.0 (dy=-421.0) h=27795.0 (dh=-421.0) correction #1
[ring] +2127ms y=20310.3 (dy=+479.3) h=28274.3 (dh=+479.3) correction #2 RING #1 (67ms after -421.0)
[ring] +2185ms y=20624.7 (dy=+314.3) h=28588.7 (dh=+314.3) correction #3
[ring] +2248ms y=20198.3 (dy=-426.3) h=28162.3 (dh=-426.3) correction #4 RING #2 (63ms after +314.3)
[ring] +3555ms scrolling up 450pt
[ring] +3572ms y=20195.3 (dy=-3.0) h=28162.3 (dh=+0.0)
[ring] +3591ms y=20185.7 (dy=-9.7) h=28162.3 (dh=+0.0)
[ring] +3606ms y=20169.3 (dy=-16.3) h=28162.3 (dh=+0.0)
[ring] +3622ms y=20147.0 (dy=-22.3) h=28162.3 (dh=+0.0)
[ring] +3639ms y=20119.7 (dy=-27.3) h=28162.3 (dh=+0.0)
[ring] +3656ms y=20087.7 (dy=-32.0) h=28162.3 (dh=+0.0)
[ring] +3672ms y=20052.3 (dy=-35.3) h=28162.3 (dh=+0.0)
[ring] +3689ms y=20014.7 (dy=-37.7) h=28162.3 (dh=+0.0)
[ring] +3712ms y=19975.7 (dy=-39.0) h=28162.3 (dh=+0.0)
[ring] +3723ms y=19936.3 (dy=-39.3) h=28162.3 (dh=+0.0)
[ring] +3739ms y=19898.3 (dy=-38.0) h=28162.3 (dh=+0.0)
[ring] +3756ms y=19862.7 (dy=-35.7) h=28162.3 (dh=+0.0)
[ring] +3781ms y=19830.3 (dy=-32.3) h=28162.3 (dh=+0.0)
[ring] +3783ms y=20273.0 (dy=+442.7) h=28605.0 (dh=+442.7) correction #5
[ring] +3790ms y=20245.0 (dy=-28.0) h=28605.0 (dh=+0.0)
[ring] +3806ms y=20222.3 (dy=-22.7) h=28605.0 (dh=+0.0)
[ring] +3824ms y=20205.3 (dy=-17.0) h=28605.0 (dh=+0.0)
[ring] +3847ms y=20194.7 (dy=-10.7) h=28605.0 (dh=+0.0)
[ring] +3848ms y=19768.3 (dy=-426.3) h=28178.7 (dh=-426.3) correction #6 RING #3 (65ms after +442.7)
[ring] +3856ms y=19764.7 (dy=-3.7) h=28178.7 (dh=+0.0)
[ring] +3917ms y=20191.0 (dy=+426.3) h=28605.0 (dh=+426.3) correction #7 RING #4 (69ms after -426.3)
[ring] +3982ms y=19764.7 (dy=-426.3) h=28178.7 (dh=-426.3) correction #8 RING #5 (65ms after +426.3)
[ring] +4049ms y=20191.0 (dy=+426.3) h=28605.0 (dh=+426.3) correction #9 RING #6 (67ms after -426.3)
[ring] +4116ms y=19764.7 (dy=-426.3) h=28178.7 (dh=-426.3) correction #10 RING #7 (67ms after +426.3)
[ring] +4186ms y=20191.0 (dy=+426.3) h=28605.0 (dh=+426.3) correction #11 RING #8 (70ms after -426.3)
[ring] +4250ms y=19764.7 (dy=-426.3) h=28178.7 (dh=-426.3) correction #12 RING #9 (64ms after +426.3)
[ring] +4316ms y=20191.0 (dy=+426.3) h=28605.0 (dh=+426.3) correction #13 RING #10 (66ms after -426.3)
[ring] +4383ms y=19764.7 (dy=-426.3) h=28178.7 (dh=-426.3) correction #14 RING #11 (67ms after +426.3)
[ring] +4449ms y=20191.0 (dy=+426.3) h=28605.0 (dh=+426.3) correction #15 RING #12 (66ms after -426.3)
[ring] +4517ms y=19764.7 (dy=-426.3) h=28178.7 (dh=-426.3) correction #16 RING #13 (68ms after +426.3)
[ring] +4582ms y=20191.0 (dy=+426.3) h=28605.0 (dh=+426.3) correction #17 RING #14 (65ms after -426.3)
[ring] +4651ms y=19764.7 (dy=-426.3) h=28178.7 (dh=-426.3) correction #18 RING #15 (69ms after +426.3)
[ring] +4717ms y=20191.0 (dy=+426.3) h=28605.0 (dh=+426.3) correction #19 RING #16 (66ms after -426.3)
[ring] +4783ms y=19764.7 (dy=-426.3) h=28178.7 (dh=-426.3) correction #20 RING #17 (66ms after +426.3)
[ring] +4849ms y=20191.0 (dy=+426.3) h=28605.0 (dh=+426.3) correction #21 RING #18 (66ms after -426.3)
[ring] +4916ms y=19764.7 (dy=-426.3) h=28178.7 (dh=-426.3) correction #22 RING #19 (67ms after +426.3)
[ring] +4983ms y=20191.0 (dy=+426.3) h=28605.0 (dh=+426.3) correction #23 RING #20 (67ms after -426.3)
[ring] +5049ms y=19764.7 (dy=-426.3) h=28178.7 (dh=-426.3) correction #24 RING #21 (66ms after +426.3)
[ring] +5117ms y=20191.0 (dy=+426.3) h=28605.0 (dh=+426.3) correction #25 RING #22 (68ms after -426.3)
[ring] +5182ms y=19764.7 (dy=-426.3) h=28178.7 (dh=-426.3) correction #26 RING #23 (65ms after +426.3)
[ring] +5249ms y=20191.0 (dy=+426.3) h=28605.0 (dh=+426.3) correction #27 RING #24 (67ms after -426.3)
[ring] +5316ms y=19764.7 (dy=-426.3) h=28178.7 (dh=-426.3) correction #28 RING #25 (67ms after +426.3)
[ring] +5382ms y=20191.0 (dy=+426.3) h=28605.0 (dh=+426.3) correction #29 RING #26 (66ms after -426.3)
[ring] +5450ms y=19764.7 (dy=-426.3) h=28178.7 (dh=-426.3) correction #30 RING #27 (68ms after +426.3)
[ring] +5516ms y=20191.0 (dy=+426.3) h=28605.0 (dh=+426.3) correction #31 RING #28 (66ms after -426.3)
[ring] +5581ms y=19764.7 (dy=-426.3) h=28178.7 (dh=-426.3) correction #32 RING #29 (65ms after +426.3)
[ring] +5649ms y=20191.0 (dy=+426.3) h=28605.0 (dh=+426.3) correction #33 RING #30 (68ms after -426.3)
[ring] +5716ms y=19764.7 (dy=-426.3) h=28178.7 (dh=-426.3) correction #34 RING #31 (67ms after +426.3)
[ring] +5783ms y=20191.0 (dy=+426.3) h=28605.0 (dh=+426.3) correction #35 RING #32 (67ms after -426.3)
[ring] +5850ms y=19764.7 (dy=-426.3) h=28178.7 (dh=-426.3) correction #36 RING #33 (67ms after +426.3)
[ring] +5917ms y=20191.0 (dy=+426.3) h=28605.0 (dh=+426.3) correction #37 RING #34 (67ms after -426.3)
... (497 lines omitted, all the same 2-cycle) ...
[ring] +39234ms y=20191.0 (dy=+426.3) h=28605.0 (dh=+426.3) correction #535 RING #532 (69ms after -426.3)
[ring] +39300ms y=19764.7 (dy=-426.3) h=28178.7 (dh=-426.3) correction #536 RING #533 (66ms after +426.3)
[ring] +39371ms y=20191.0 (dy=+426.3) h=28605.0 (dh=+426.3) correction #537 RING #534 (71ms after -426.3)
[ring] +39435ms y=19764.7 (dy=-426.3) h=28178.7 (dh=-426.3) correction #538 RING #535 (64ms after +426.3)
[ring] +39501ms y=20191.0 (dy=+426.3) h=28605.0 (dh=+426.3) correction #539 RING #536 (66ms after -426.3)
[ring] +39572ms y=19764.7 (dy=-426.3) h=28178.7 (dh=-426.3) correction #540 RING #537 (71ms after +426.3)
[ring] +39635ms y=20191.0 (dy=+426.3) h=28605.0 (dh=+426.3) correction #541 RING #538 (63ms after -426.3)
[ring] +39705ms y=19764.7 (dy=-426.3) h=28178.7 (dh=-426.3) correction #542 RING #539 (70ms after +426.3)
[ring] +39769ms y=20191.0 (dy=+426.3) h=28605.0 (dh=+426.3) correction #543 RING #540 (64ms after -426.3)
[ring] +39836ms y=19764.7 (dy=-426.3) h=28178.7 (dh=-426.3) correction #544 RING #541 (67ms after +426.3)
[ring] +39904ms y=20191.0 (dy=+426.3) h=28605.0 (dh=+426.3) correction #545 RING #542 (68ms after -426.3)
[ring] +39971ms y=19764.7 (dy=-426.3) h=28178.7 (dh=-426.3) correction #546 RING #543 (67ms after +426.3)
